A1-001 was reviewed by 002. Level: A B
A1-001 was reviewed by 003. Level: B C
A1-001 was reviewed by 004. Level: C D
Assignment: A1, Criterion: Criterion1, AvgScore: 90.0
Assignment: A1, Criterion: Criterion2, AvgScore: 80.0
