Assignment: A1, Criterion: Criterion1, AvgScore: 0.0
Assignment: A1, Criterion: Criterion2, AvgScore: 0.0
