A1-001 was reviewed by 002. Level: Excellent Excellent Competent Competent
A1-001 was reviewed by 003. Level: Excellent Excellent Competent Competent
A1-001 was reviewed by 004. Level: Competent Competent Competent Competent
A1-002 was reviewed by 001. Level: Excellent Excellent Competent Competent
A1-002 was reviewed by 003. Level: Excellent Excellent Competent Competent
A1-002 was reviewed by 004. Level: Competent Competent Competent Competent
A1-003 was reviewed by 001. Level: Excellent Excellent Competent Competent
A1-003 was reviewed by 002. Level: Excellent Excellent Competent Competent
A1-003 was reviewed by 004. Level: Competent Competent Competent Competent
A1-004 was reviewed by 001. Level: Excellent Excellent Competent Competent
A1-004 was reviewed by 002. Level: Excellent Excellent Competent Competent
A1-004 was reviewed by 003. Level: Competent Competent Competent Competent
A1-005 was reviewed by 001. Level: Excellent Excellent Competent Competent
A1-005 was reviewed by 002. Level: Excellent Excellent Competent Competent
A1-005 was reviewed by 003. Level: Competent Competent Competent Competent
A2-001 was reviewed by 002. Level: Excellent Excellent
A2-001 was reviewed by 003. Level: Excellent Competent
A2-001 was reviewed by 004. Level: Excellent Excellent
A2-002 was reviewed by 001. Level: Competent Competent
A2-002 was reviewed by 003. Level: Excellent Competent
A2-002 was reviewed by 004. Level: Excellent Excellent
A2-003 was reviewed by 001. Level: Excellent Competent
A2-003 was reviewed by 002. Level: Excellent Competent
A2-003 was reviewed by 004. Level: Excellent Excellent
A2-004 was reviewed by 001. Level: Excellent Excellent
A2-004 was reviewed by 002. Level: Excellent Competent
A2-004 was reviewed by 003. Level: Excellent Excellent
A2-005 was reviewed by 002. Level: Excellent Excellent
A2-005 was reviewed by 003. Level: Excellent Competent
A2-005 was reviewed by 004. Level: Excellent Excellent
(Knowledge/Understanding,Excellent) The presentation demonstrates a depth ...
(Knowledge/Understanding,Competent) The presentation uses knowledge which ...
(Knowledge/Understanding,NeedsWork) The presentation uses little relevant ...
(Thinking/Inquiry,Excellent) The presentation is centered around ...
(Thinking/Inquiry,Competent) The presentation shows an analytical ...
(Thinking/Inquiry,NeedsWork) The presentation shows no analytical ...
(Communication,Excellent) The presentation is imaginative and ...
(Communication,Competent) Presentation techniques used are effective ...
(Communication,NeedsWork) The presentation fails to capture ...
(UseOfVisualAids,Excellent) The presentation includes appropriate and ...
(UseOfVisualAids,Competent) The presentation includes appropriate visual ...
(UseOfVisualAids,NeedsWork) The presentation includes no visual ...
Assignment: A1, Criterion: Knowledge/Understanding, AvgScore: 2.7
Assignment: A1, Criterion: Thinking/Inquiry, AvgScore: 2.7
Assignment: A1, Criterion: Communication, AvgScore: 2.0
Assignment: A1, Criterion: UseOfVisualAids, AvgScore: 2.0
Assignment: A1, Student: 001, Score: 2.3
Assignment: A1, Student: 004, Strength: Knowledge/Understanding Thinking/Inquiry
Assignment: A1, Student: 005, Weakness: Communication UseOfVisualAids
(C1,Excellent) D1
(C1,Competent) D2
(C1,NeedsWork) D3
(C2,Excellent) D4
(C2,Competent) D5
(C2,NeedsWork) D6
Assignment: A2, Criterion: C1, AvgScore: 2.9
Assignment: A2, Criterion: C2, AvgScore: 2.5
Assignment: A2, Student: 002, Score: 2.5
Assignment: A2, Student: 003, Strength: C1
Assignment: A2, Student: 004, Weakness: C2
