Cannot review oneâ€™s own assignment.
A1-001 was reviewed by 002. Level: B C
A1-001 was reviewed by 003. Level: D A
A1-001 was reviewed by 004. Level: C D
A1-002 was reviewed by 001. Level: C D
A1-002 was reviewed by 003. Level: B C
A1-002 was reviewed by 004. Level: B C
A1-003 was reviewed by 001. Level: B C
A1-003 was reviewed by 002. Level: D A
A1-003 was reviewed by 004. Level: B C
A1-004 was reviewed by 001. Level: D C
A1-004 was reviewed by 002. Level: D C
A1-004 was reviewed by 003. Level: C D
A1-005 was reviewed by 001. Level: D A
A1-005 was reviewed by 002. Level: C D
A1-005 was reviewed by 003. Level: B C
Assignment should be reviewed by 3-5 students.
A2-001 was reviewed by 002. Level: B C D D B
A2-001 was reviewed by 003. Level: B C D D B
A2-001 was reviewed by 004. Level: B C D D B
A2-001 was reviewed by 005. Level: B C D D B
A2-002 was reviewed by 001. Level: D C A B C
A2-002 was reviewed by 003. Level: B C D D B
A2-002 was reviewed by 004. Level: C D C C D
A2-002 was reviewed by 005. Level: D A C C D
A2-003 was reviewed by 001. Level: B C D D B
A2-003 was reviewed by 002. Level: B C D D B
A2-003 was reviewed by 004. Level: B C D D B
A2-003 was reviewed by 005. Level: D C A B C
A2-004 was reviewed by 001. Level: C D C C D
A2-004 was reviewed by 002. Level: B C D D B
A2-004 was reviewed by 003. Level: D A C C D
A2-004 was reviewed by 005. Level: C D C C D
A2-005 was reviewed by 001. Level: C D C C D
A2-005 was reviewed by 002. Level: D C A B C
A2-005 was reviewed by 003. Level: D C A B C
A2-005 was reviewed by 004. Level: C D C C D
(Criterion1,A) Description1
(Criterion1,B) Description2
(Criterion1,C) Description3
(Criterion1,D) Description4
(Criterion2,A) Description5
(Criterion2,B) Description6
(Criterion2,C) Description7
(Criterion2,D) Description8
Assignment: A1, Criterion: Criterion1, AvgScore: 61.3
Assignment: A1, Criterion: Criterion2, AvgScore: 62.7
Assignment: A1, Student: 001, Score: 63.3
Assignment: A1, Student: 004, Strength: Criterion2
Assignment: A1, Student: 005, Weakness: Criterion1
(Criterion1,A) Description 1 A
(Criterion1,B) Description 1 B
(Criterion1,C) Description 1 C
(Criterion1,D) Description 1 D
(Criterion2,A) Description 2 A
(Criterion2,B) Description 2 B
(Criterion2,C) Description 2 C
(Criterion2,D) Description 2 D
(Criterion3,A) Description 3 A
(Criterion3,B) Description 3 B
(Criterion3,C) Description 3 C
(Criterion3,D) Description 3 D
(Criterion4,A) Description 4 A
(Criterion4,B) Description 4 B
(Criterion4,C) Description 4 C
(Criterion4,D) Description 4 D
(Criterion5,A) Description 5 A
(Criterion5,B) Description 5 B
(Criterion5,C) Description 5 C
(Criterion5,D) Description 5 D
Assignment: A2, Criterion: Criterion1, AvgScore: 63.0
Assignment: A2, Criterion: Criterion2, AvgScore: 59.0
Assignment: A2, Criterion: Criterion3, AvgScore: 59.0
Assignment: A2, Criterion: Criterion4, AvgScore: 55.0
Assignment: A2, Criterion: Criterion5, AvgScore: 62.0
Assignment: A2, Student: 002, Score: 56.0
Assignment: A2, Student: 003, Strength: Criterion1 Criterion5
Assignment: A2, Student: 004, Weakness: Criterion5
