A1-001 was reviewed by 002. Level: Excellent Excellent
A1-001 was reviewed by 003. Level: Excellent Excellent
A1-001 was reviewed by 004. Level: Competent Competent
A1-002 was reviewed by 001. Level: Excellent Excellent
A1-002 was reviewed by 003. Level: Excellent Excellent
A1-002 was reviewed by 004. Level: Competent Competent
A1-003 was reviewed by 001. Level: Excellent Excellent
A1-003 was reviewed by 002. Level: Excellent Excellent
A1-003 was reviewed by 004. Level: Competent Competent
A1-004 was reviewed by 001. Level: Excellent Excellent
A1-004 was reviewed by 002. Level: Excellent Excellent
A1-004 was reviewed by 003. Level: Competent Competent
Error
